2025-03-11 11:20:58,667 - Rum started
2025-03-11 11:20:59,183 - Navigate to page START
2025-03-11 11:20:59,903 - Primary stage set visible
2025-03-11 11:21:06,491 - Rum closed
2025-03-11 11:33:29,688 - Rum started
2025-03-11 11:33:30,197 - Navigate to page START
2025-03-11 11:33:30,839 - Primary stage set visible
2025-03-11 11:33:36,998 - Rum closed
2025-03-11 11:33:43,976 - Rum started
2025-03-11 11:33:44,399 - Navigate to page START
2025-03-11 11:33:44,921 - Primary stage set visible
2025-03-11 11:33:51,867 - Rum closed
2025-03-11 11:34:23,204 - Rum started
2025-03-11 11:34:23,571 - Navigate to page START
2025-03-11 11:34:24,167 - Primary stage set visible
2025-03-11 11:34:25,529 - Rum closed
2025-03-11 11:34:31,151 - Rum started
2025-03-11 11:34:31,632 - Navigate to page START
2025-03-11 11:34:32,299 - Primary stage set visible
2025-03-11 11:34:36,365 - Rum closed
2025-03-11 11:35:54,041 - Rum started
2025-03-11 11:35:54,427 - Navigate to page START
2025-03-11 11:35:55,017 - Primary stage set visible
2025-03-11 11:38:21,466 - Rum started
2025-03-11 11:38:22,212 - Navigate to page START
2025-03-11 11:38:23,484 - Primary stage set visible
2025-03-11 11:38:34,659 - Rum closed
2025-03-11 11:39:56,237 - Rum started
2025-03-11 11:39:57,179 - Navigate to page START
2025-03-11 11:39:58,445 - Primary stage set visible
2025-03-11 11:40:16,731 - Rum closed
2025-03-11 11:40:19,715 - Rum closed
2025-03-11 11:40:38,059 - Rum started
2025-03-11 11:40:38,791 - Navigate to page START
2025-03-11 11:40:40,034 - Primary stage set visible
2025-03-11 11:41:34,602 - Rum closed
2025-03-11 17:56:58,692 - Rum started
2025-03-11 17:56:59,093 - Navigate to page START
2025-03-11 17:56:59,800 - Primary stage set visible
2025-03-11 17:57:48,176 - Rum started
2025-03-11 17:57:48,594 - Navigate to page START
2025-03-11 17:57:49,263 - Primary stage set visible
2025-03-11 17:58:15,986 - Rum closed
2025-03-11 17:58:18,485 - Rum closed
2025-03-11 18:00:26,805 - Rum started
2025-03-11 18:00:27,203 - Navigate to page START
2025-03-11 18:00:27,793 - Primary stage set visible
2025-03-11 18:00:43,647 - Navigate to page DISCOVERY
2025-03-11 18:00:43,687 - Sidebar highlight updated for page DISCOVERY
2025-03-11 18:00:55,240 - Rum closed
2025-03-12 08:44:54,501 - Rum started
2025-03-12 08:44:54,954 - Navigate to page START
2025-03-12 08:44:55,659 - Primary stage set visible
2025-03-12 08:45:17,575 - Rum closed
2025-03-12 08:45:22,208 - Rum started
2025-03-12 08:45:22,598 - Navigate to page START
2025-03-12 08:45:23,197 - Primary stage set visible
2025-03-12 08:45:37,734 - Rum closed
2025-03-12 08:45:42,456 - Rum started
2025-03-12 08:45:42,902 - Navigate to page START
2025-03-12 08:45:43,529 - Primary stage set visible
2025-03-12 08:45:49,880 - Navigate to page DISCOVERY
2025-03-12 08:45:49,920 - Sidebar highlight updated for page DISCOVERY
2025-03-12 08:46:16,960 - Opened log for discovery: C:\Users\peete\OneDrive\Documenten\School\2e master BI\Masterproef\Coding\Logs for testing\Level 1\logs_1_3.xes
2025-03-12 08:46:17,867 - DiscoveryTaskDeclare (1634355631) started at: 1741765577860
2025-03-12 08:46:20,377 - DiscoveryTaskDeclare (1634355631) COMPLETED at: 1741765580369 - total time: 2509
2025-03-12 08:46:59,791 - Navigate to page START
2025-03-12 08:46:59,792 - Sidebar highlight updated for page START
2025-03-12 08:47:12,503 - Rum closed
2025-03-12 08:47:18,924 - Rum started
2025-03-12 08:47:19,303 - Navigate to page START
2025-03-12 08:47:19,924 - Primary stage set visible
2025-03-12 08:47:26,358 - Navigate to page CONFORMANCE
2025-03-12 08:47:26,396 - Sidebar highlight updated for page CONFORMANCE
2025-03-12 08:47:36,220 - Navigate to page START
2025-03-12 08:47:36,225 - Sidebar highlight updated for page START
2025-03-12 08:47:44,604 - Rum closed
2025-03-12 08:47:49,132 - Rum started
2025-03-12 08:47:49,527 - Navigate to page START
2025-03-12 08:47:50,086 - Primary stage set visible
2025-03-12 08:47:56,561 - Navigate to page GENERATION
2025-03-12 08:47:56,579 - Sidebar highlight updated for page GENERATION
2025-03-12 08:49:37,408 - Rum closed
2025-03-12 08:49:41,409 - Rum started
2025-03-12 08:49:41,793 - Navigate to page START
2025-03-12 08:49:42,396 - Primary stage set visible
2025-03-12 08:49:48,844 - Navigate to page GENERATION
2025-03-12 08:49:48,879 - Sidebar highlight updated for page GENERATION
2025-03-12 08:50:14,360 - Rum closed
2025-03-12 08:50:18,412 - Rum started
2025-03-12 08:50:18,773 - Navigate to page START
2025-03-12 08:50:19,365 - Primary stage set visible
2025-03-12 08:50:25,862 - Navigate to page GENERATION
2025-03-12 08:50:25,894 - Sidebar highlight updated for page GENERATION
2025-03-12 08:57:30,318 - Rum started
2025-03-12 08:57:30,716 - Navigate to page START
2025-03-12 08:57:31,316 - Primary stage set visible
2025-03-12 08:57:37,756 - Navigate to page GENERATION
2025-03-12 08:57:37,791 - Sidebar highlight updated for page GENERATION
2025-03-12 09:02:54,370 - Rum closed
2025-03-12 09:04:00,763 - Rum started
2025-03-12 09:04:01,147 - Navigate to page START
2025-03-12 09:04:01,740 - Primary stage set visible
2025-03-12 09:04:08,231 - Navigate to page GENERATION
2025-03-12 09:04:08,265 - Sidebar highlight updated for page GENERATION
2025-03-12 09:04:13,006 - Opened model for log generation: C:\Users\peete\OneDrive\Documenten\School\2e master BI\Masterproef\Coding\Logs for testing\Level 1\logs_1_1.xes
2025-03-12 09:04:18,090 - Opened model for log generation: C:\Users\peete\OneDrive\Documenten\School\2e master BI\Masterproef\Coding\Logs for testing\Level 1\logs_1_11.xes
2025-03-12 09:04:23,166 - Opened model for log generation: C:\Users\peete\OneDrive\Documenten\School\2e master BI\Masterproef\Coding\Logs for testing\Level 1\logs_1_13.xes
2025-03-12 09:04:28,186 - Opened model for log generation: C:\Users\peete\OneDrive\Documenten\School\2e master BI\Masterproef\Coding\Logs for testing\Level 1\logs_1_15.xes
2025-03-12 09:04:55,827 - Rum closed
2025-03-12 09:14:45,488 - Navigate to page START
2025-03-12 09:14:45,494 - Sidebar highlight updated for page START
2025-03-12 09:15:20,087 - Navigate to page DISCOVERY
2025-03-12 09:15:20,104 - Sidebar highlight updated for page DISCOVERY
2025-03-12 09:15:30,758 - Opened log for discovery: C:\Users\peete\OneDrive\Documenten\School\2e master BI\Masterproef\Coding\Logs for testing\Level 1\logs_1_17.xes
2025-03-12 09:15:31,688 - DiscoveryTaskDeclare (24920008) started at: 1741767331684
2025-03-12 09:15:35,770 - DiscoveryTaskDeclare (24920008) COMPLETED at: 1741767335764 - total time: 4080
2025-03-12 09:15:44,364 - DiscoveryTaskMinerful (683360476) started at: 1741767344364
2025-03-12 09:33:05,928 - Rum started
2025-03-12 09:33:06,315 - Navigate to page START
2025-03-12 09:33:06,971 - Primary stage set visible
2025-03-12 09:33:26,391 - Rum closed
2025-03-12 09:33:42,168 - Rum started
2025-03-12 09:33:42,575 - Navigate to page START
2025-03-12 09:33:43,455 - Primary stage set visible
2025-03-12 09:34:05,167 - Rum closed
2025-03-12 09:34:09,152 - Rum started
2025-03-12 09:34:09,527 - Navigate to page START
2025-03-12 09:34:10,163 - Primary stage set visible
2025-03-12 09:34:19,878 - Rum closed
2025-03-12 09:34:40,677 - Rum started
2025-03-12 09:34:41,072 - Navigate to page START
2025-03-12 09:34:41,641 - Primary stage set visible
2025-03-12 09:34:51,800 - Rum closed
2025-03-12 09:36:04,643 - Rum started
2025-03-12 09:36:05,029 - Navigate to page START
2025-03-12 09:36:05,604 - Primary stage set visible
2025-03-12 09:38:20,921 - Rum started
2025-03-12 09:38:21,314 - Navigate to page START
2025-03-12 09:38:21,936 - Primary stage set visible
2025-03-12 09:38:28,355 - Navigate to page DISCOVERY
2025-03-12 09:38:28,379 - Sidebar highlight updated for page DISCOVERY
2025-03-12 09:39:07,563 - Rum started
2025-03-12 09:39:07,987 - Navigate to page START
2025-03-12 09:39:08,593 - Primary stage set visible
2025-03-12 09:39:14,854 - Navigate to page DISCOVERY
2025-03-12 09:39:14,887 - Sidebar highlight updated for page DISCOVERY
2025-03-12 09:39:30,425 - Rum closed
2025-03-12 09:39:32,307 - Rum closed
2025-03-12 09:39:38,384 - Rum started
2025-03-12 09:39:38,774 - Navigate to page START
2025-03-12 09:39:39,365 - Primary stage set visible
2025-03-12 09:39:45,780 - Navigate to page DISCOVERY
2025-03-12 09:39:45,808 - Sidebar highlight updated for page DISCOVERY
2025-03-12 09:41:33,855 - Rum started
2025-03-12 09:41:34,184 - Navigate to page START
2025-03-12 09:41:34,803 - Primary stage set visible
2025-03-12 09:41:40,915 - Navigate to page DISCOVERY
2025-03-12 09:41:40,932 - Sidebar highlight updated for page DISCOVERY
2025-03-12 09:43:10,162 - Rum closed
2025-03-12 09:43:12,509 - Rum closed
2025-03-12 09:43:17,659 - Rum started
2025-03-12 09:43:18,055 - Navigate to page START
2025-03-12 09:43:18,660 - Primary stage set visible
2025-03-12 09:43:25,083 - Navigate to page DISCOVERY
2025-03-12 09:43:25,102 - Sidebar highlight updated for page DISCOVERY
2025-03-12 09:43:36,895 - Opened log for discovery: C:\Users\peete\OneDrive\Documenten\School\2e master BI\Masterproef\Coding\Logs for testing\Declare Startpunt\decl-1.xes
2025-03-12 09:43:37,770 - DiscoveryTaskDeclare (522299684) started at: 1741769017766
2025-03-12 09:43:45,867 - DiscoveryTaskDeclare (522299684) COMPLETED at: 1741769025860 - total time: 8094
2025-03-12 09:45:19,390 - Rum closed
2025-03-12 09:45:29,911 - Rum started
2025-03-12 09:45:30,419 - Navigate to page START
2025-03-12 09:45:31,098 - Primary stage set visible
2025-03-12 09:45:37,208 - Navigate to page DISCOVERY
2025-03-12 09:45:37,244 - Sidebar highlight updated for page DISCOVERY
2025-03-12 09:57:52,856 - Navigate to page START
2025-03-12 09:57:52,861 - Sidebar highlight updated for page START
2025-03-12 09:57:54,437 - Navigate to page DISCOVERY
2025-03-12 09:57:54,441 - Sidebar highlight updated for page DISCOVERY
2025-03-12 09:58:59,645 - Opened log for discovery: C:\Users\peete\OneDrive\Documenten\School\2e master BI\Masterproef\Coding\Logs for testing\Declare Startpunt\decl-1.xes
2025-03-12 09:59:00,932 - DiscoveryTaskDeclare (1931644383) started at: 1741769940924
2025-03-12 09:59:08,546 - DiscoveryTaskDeclare (1931644383) COMPLETED at: 1741769948528 - total time: 7604
2025-03-12 10:03:12,874 - Rum started
2025-03-12 10:03:13,674 - Navigate to page START
2025-03-12 10:03:14,538 - Primary stage set visible
2025-03-12 10:03:20,051 - Navigate to page DISCOVERY
2025-03-12 10:03:20,088 - Sidebar highlight updated for page DISCOVERY
2025-03-12 10:03:43,457 - Rum closed
2025-03-12 10:03:45,879 - Rum closed
2025-03-12 10:04:47,521 - Rum started
2025-03-12 10:04:48,147 - Navigate to page START
2025-03-12 10:04:49,115 - Primary stage set visible
2025-03-12 10:04:54,478 - Navigate to page DISCOVERY
2025-03-12 10:04:54,504 - Sidebar highlight updated for page DISCOVERY
2025-03-12 10:06:00,696 - Rum started
2025-03-12 10:06:01,167 - Navigate to page START
2025-03-12 10:06:01,872 - Primary stage set visible
2025-03-12 10:06:07,906 - Navigate to page DISCOVERY
2025-03-12 10:06:07,933 - Sidebar highlight updated for page DISCOVERY
2025-03-12 10:06:38,370 - Opened log for discovery: C:\Users\peete\OneDrive\Documenten\School\2e master BI\Masterproef\Coding\Logs for testing\Declare Startpunt\decl-2.xes
2025-03-12 10:06:39,267 - DiscoveryTaskDeclare (464631593) started at: 1741770399263
2025-03-12 10:06:42,456 - DiscoveryTaskDeclare (464631593) COMPLETED at: 1741770402447 - total time: 3184
2025-03-12 10:07:39,060 - Rum closed
2025-03-12 10:07:40,916 - Rum closed
2025-03-12 10:07:46,145 - Rum started
2025-03-12 10:07:46,524 - Navigate to page START
2025-03-12 10:07:47,156 - Primary stage set visible
2025-03-12 10:07:53,566 - Navigate to page DISCOVERY
2025-03-12 10:07:53,591 - Sidebar highlight updated for page DISCOVERY
2025-03-12 10:08:02,350 - Opened log for discovery: C:\Users\peete\OneDrive\Documenten\School\2e master BI\Masterproef\Coding\Logs for testing\Declare Startpunt\decl-1.xes
2025-03-12 10:08:03,242 - DiscoveryTaskDeclare (522299684) started at: 1741770483237
2025-03-12 10:08:27,965 - DiscoveryTaskDeclare (522299684) COMPLETED at: 1741770507959 - total time: 24722
2025-03-12 10:09:41,444 - Rum closed
2025-03-12 10:09:46,344 - Rum started
2025-03-12 10:09:46,735 - Navigate to page START
2025-03-12 10:09:47,344 - Primary stage set visible
2025-03-12 10:09:53,784 - Navigate to page DISCOVERY
2025-03-12 10:09:53,816 - Sidebar highlight updated for page DISCOVERY
2025-03-12 10:10:02,601 - Opened log for discovery: C:\Users\peete\OneDrive\Documenten\School\2e master BI\Masterproef\Coding\Logs for testing\Declare Startpunt\decl-1.xes
2025-03-12 10:10:03,472 - DiscoveryTaskDeclare (1634355631) started at: 1741770603468
2025-03-12 10:10:38,202 - DiscoveryTaskDeclare (1634355631) COMPLETED at: 1741770638193 - total time: 34725
2025-03-12 10:11:25,832 - Rum started
2025-03-12 10:11:26,275 - Navigate to page START
2025-03-12 10:11:26,926 - Primary stage set visible
2025-03-12 10:11:33,105 - Navigate to page DISCOVERY
2025-03-12 10:11:33,141 - Sidebar highlight updated for page DISCOVERY
2025-03-12 10:11:41,923 - Opened log for discovery: C:\Users\peete\OneDrive\Documenten\School\2e master BI\Masterproef\Coding\Logs for testing\Declare Startpunt\decl-1.xes
2025-03-12 10:11:42,788 - DiscoveryTaskDeclare (709586538) started at: 1741770702785
2025-03-12 10:12:19,713 - DiscoveryTaskDeclare (709586538) COMPLETED at: 1741770739703 - total time: 36918
2025-03-12 10:13:18,416 - Rum closed
2025-03-12 10:13:19,852 - Rum closed
2025-03-12 10:13:29,007 - Rum started
2025-03-12 10:13:29,436 - Navigate to page START
2025-03-12 10:13:30,064 - Primary stage set visible
2025-03-12 10:13:36,378 - Navigate to page DISCOVERY
2025-03-12 10:13:36,404 - Sidebar highlight updated for page DISCOVERY
2025-03-12 10:13:45,173 - Opened log for discovery: C:\Users\peete\OneDrive\Documenten\School\2e master BI\Masterproef\Coding\Logs for testing\Declare Startpunt\decl-1.xes
2025-03-12 10:13:46,025 - DiscoveryTaskDeclare (1634355631) started at: 1741770826021
2025-03-12 10:15:00,587 - DiscoveryTaskDeclare (1634355631) COMPLETED at: 1741770900568 - total time: 74547
2025-03-12 10:17:43,364 - Rum closed
2025-03-12 10:18:06,818 - Rum started
2025-03-12 10:18:07,212 - Navigate to page START
2025-03-12 10:18:07,835 - Primary stage set visible
2025-03-12 10:18:14,234 - Navigate to page DISCOVERY
2025-03-12 10:18:14,259 - Sidebar highlight updated for page DISCOVERY
2025-03-12 10:18:23,003 - Opened log for discovery: C:\Users\peete\OneDrive\Documenten\School\2e master BI\Masterproef\Coding\Logs for testing\Declare Startpunt\decl-1.xes
2025-03-12 10:18:23,880 - DiscoveryTaskDeclare (709586538) started at: 1741771103874
2025-03-12 10:20:42,584 - DiscoveryTaskDeclare (709586538) COMPLETED at: 1741771242577 - total time: 138703
2025-03-12 10:22:07,602 - Rum closed
2025-03-12 10:22:15,361 - Rum started
2025-03-12 10:22:15,770 - Navigate to page START
2025-03-12 10:22:16,402 - Primary stage set visible
2025-03-12 10:22:22,790 - Navigate to page DISCOVERY
2025-03-12 10:22:22,813 - Sidebar highlight updated for page DISCOVERY
2025-03-12 10:22:31,548 - Opened log for discovery: C:\Users\peete\OneDrive\Documenten\School\2e master BI\Masterproef\Coding\Logs for testing\Declare Startpunt\decl-1.xes
2025-03-12 10:22:32,397 - DiscoveryTaskDeclare (1912242345) started at: 1741771352392
2025-03-12 10:25:15,741 - DiscoveryTaskDeclare (1912242345) COMPLETED at: 1741771515734 - total time: 163342
2025-03-12 10:27:33,511 - Rum closed
2025-03-12 10:27:40,872 - Rum started
2025-03-12 10:27:41,251 - Navigate to page START
2025-03-12 10:27:41,819 - Primary stage set visible
2025-03-12 10:27:48,305 - Navigate to page DISCOVERY
2025-03-12 10:27:48,334 - Sidebar highlight updated for page DISCOVERY
2025-03-12 10:27:57,047 - Opened log for discovery: C:\Users\peete\OneDrive\Documenten\School\2e master BI\Masterproef\Coding\Logs for testing\Declare Startpunt\decl-1.xes
2025-03-12 10:27:57,922 - DiscoveryTaskDeclare (522299684) started at: 1741771677916
2025-03-12 10:28:32,448 - DiscoveryTaskDeclare (522299684) COMPLETED at: 1741771712441 - total time: 34525
2025-03-12 10:29:07,965 - Rum started
2025-03-12 10:29:08,349 - Navigate to page START
2025-03-12 10:29:08,984 - Primary stage set visible
2025-03-12 10:29:15,398 - Navigate to page DISCOVERY
2025-03-12 10:29:15,428 - Sidebar highlight updated for page DISCOVERY
2025-03-12 10:29:24,159 - Opened log for discovery: C:\Users\peete\OneDrive\Documenten\School\2e master BI\Masterproef\Coding\Logs for testing\Declare Startpunt\decl-1.xes
2025-03-12 10:29:25,034 - DiscoveryTaskDeclare (647849912) started at: 1741771765028
2025-03-12 10:29:33,860 - DiscoveryTaskDeclare (647849912) COMPLETED at: 1741771773848 - total time: 8820
2025-03-12 10:31:34,789 - Rum started
2025-03-12 10:31:35,185 - Navigate to page START
2025-03-12 10:31:35,803 - Primary stage set visible
2025-03-12 10:31:42,246 - Navigate to page DISCOVERY
2025-03-12 10:31:42,282 - Sidebar highlight updated for page DISCOVERY
2025-03-12 10:31:50,994 - Opened log for discovery: C:\Users\peete\OneDrive\Documenten\School\2e master BI\Masterproef\Coding\Logs for testing\Declare Startpunt\decl-1.xes
2025-03-12 10:31:51,857 - DiscoveryTaskDeclare (709586538) started at: 1741771911850
2025-03-12 10:32:06,108 - DiscoveryTaskDeclare (709586538) COMPLETED at: 1741771926098 - total time: 14248
2025-03-12 10:32:33,976 - Rum closed
2025-03-12 10:32:35,725 - Rum closed
2025-03-12 10:32:37,651 - Rum closed
2025-03-12 10:32:55,240 - Rum started
2025-03-12 10:32:55,678 - Navigate to page START
2025-03-12 10:32:56,318 - Primary stage set visible
2025-03-12 10:33:02,551 - Navigate to page DISCOVERY
2025-03-12 10:33:02,582 - Sidebar highlight updated for page DISCOVERY
2025-03-12 10:33:11,307 - Opened log for discovery: C:\Users\peete\OneDrive\Documenten\School\2e master BI\Masterproef\Coding\Logs for testing\Declare Startpunt\decl-1.xes
2025-03-12 10:33:12,192 - DiscoveryTaskDeclare (522299684) started at: 1741771992188
2025-03-12 10:33:24,175 - DiscoveryTaskDeclare (522299684) COMPLETED at: 1741772004168 - total time: 11980
2025-03-12 10:34:39,754 - Rum started
2025-03-12 10:34:40,139 - Navigate to page START
2025-03-12 10:34:40,731 - Primary stage set visible
2025-03-12 10:34:47,195 - Navigate to page DISCOVERY
2025-03-12 10:34:47,228 - Sidebar highlight updated for page DISCOVERY
2025-03-12 10:34:56,009 - Opened log for discovery: C:\Users\peete\OneDrive\Documenten\School\2e master BI\Masterproef\Coding\Logs for testing\Declare Startpunt\decl-1.xes
2025-03-12 10:34:56,881 - DiscoveryTaskDeclare (709586538) started at: 1741772096874
2025-03-12 10:35:10,918 - DiscoveryTaskDeclare (709586538) COMPLETED at: 1741772110911 - total time: 14037
2025-03-12 10:35:53,507 - Rum closed
2025-03-12 10:35:55,028 - Rum closed
2025-03-12 10:35:59,612 - Rum started
2025-03-12 10:35:59,998 - Navigate to page START
2025-03-12 10:36:00,616 - Primary stage set visible
2025-03-12 10:36:07,069 - Navigate to page DISCOVERY
2025-03-12 10:36:07,099 - Sidebar highlight updated for page DISCOVERY
2025-03-12 10:36:15,841 - Opened log for discovery: C:\Users\peete\OneDrive\Documenten\School\2e master BI\Masterproef\Coding\Logs for testing\Declare Startpunt\decl-1.xes
2025-03-12 10:36:16,711 - DiscoveryTaskDeclare (1634355631) started at: 1741772176705
2025-03-12 10:36:24,091 - DiscoveryTaskDeclare (1634355631) COMPLETED at: 1741772184080 - total time: 7375
2025-03-12 10:37:00,087 - Rum closed
2025-03-12 10:37:05,046 - Rum started
2025-03-12 10:37:05,459 - Navigate to page START
2025-03-12 10:37:06,053 - Primary stage set visible
2025-03-12 10:37:12,471 - Navigate to page DISCOVERY
2025-03-12 10:37:12,493 - Sidebar highlight updated for page DISCOVERY
2025-03-12 10:37:21,238 - Opened log for discovery: C:\Users\peete\OneDrive\Documenten\School\2e master BI\Masterproef\Coding\Logs for testing\Declare Startpunt\decl-1.xes
2025-03-12 10:37:22,116 - DiscoveryTaskDeclare (1634355631) started at: 1741772242110
2025-03-12 10:37:35,046 - DiscoveryTaskDeclare (1634355631) COMPLETED at: 1741772255040 - total time: 12930
2025-03-12 10:37:53,253 - Rum closed
2025-03-12 10:37:58,485 - Rum started
2025-03-12 10:37:58,873 - Navigate to page START
2025-03-12 10:37:59,490 - Primary stage set visible
2025-03-12 10:38:05,868 - Navigate to page DISCOVERY
2025-03-12 10:38:05,896 - Sidebar highlight updated for page DISCOVERY
2025-03-12 10:38:14,629 - Opened log for discovery: C:\Users\peete\OneDrive\Documenten\School\2e master BI\Masterproef\Coding\Logs for testing\Declare Startpunt\decl-1.xes
2025-03-12 10:38:15,481 - DiscoveryTaskDeclare (522299684) started at: 1741772295477
2025-03-12 10:38:32,235 - DiscoveryTaskMinerful (1823243423) started at: 1741772312234
2025-03-12 10:39:17,907 - Rum started
2025-03-12 10:39:18,336 - Navigate to page START
2025-03-12 10:39:19,022 - Primary stage set visible
2025-03-12 10:39:25,282 - Navigate to page DISCOVERY
2025-03-12 10:39:25,308 - Sidebar highlight updated for page DISCOVERY
2025-03-12 10:39:34,060 - Opened log for discovery: C:\Users\peete\OneDrive\Documenten\School\2e master BI\Masterproef\Coding\Logs for testing\Declare Startpunt\decl-1.xes
2025-03-12 10:39:34,929 - DiscoveryTaskDeclare (1912242345) started at: 1741772374921
2025-03-12 10:39:58,873 - DiscoveryTaskMinerful (612403161) started at: 1741772398871
2025-03-12 10:40:32,630 - Rum started
2025-03-12 10:40:33,030 - Navigate to page START
2025-03-12 10:40:33,651 - Primary stage set visible
2025-03-12 10:40:40,020 - Navigate to page DISCOVERY
2025-03-12 10:40:40,054 - Sidebar highlight updated for page DISCOVERY
2025-03-12 10:40:48,822 - Opened log for discovery: C:\Users\peete\OneDrive\Documenten\School\2e master BI\Masterproef\Coding\Logs for testing\Declare Startpunt\decl-1.xes
2025-03-12 10:40:49,707 - DiscoveryTaskDeclare (1634355631) started at: 1741772449703
2025-03-12 10:41:22,580 - DiscoveryTaskMinerful (286865250) started at: 1741772482579
2025-03-12 10:42:18,850 - Rum started
2025-03-12 10:42:19,292 - Navigate to page START
2025-03-12 10:42:19,931 - Primary stage set visible
2025-03-12 10:42:26,210 - Navigate to page DISCOVERY
2025-03-12 10:42:26,248 - Sidebar highlight updated for page DISCOVERY
2025-03-12 10:42:34,996 - Opened log for discovery: C:\Users\peete\OneDrive\Documenten\School\2e master BI\Masterproef\Coding\Logs for testing\Declare Startpunt\decl-1.xes
2025-03-12 10:42:35,872 - DiscoveryTaskDeclare (522299684) started at: 1741772555866
2025-03-12 10:43:10,300 - DiscoveryTaskMinerful (612403161) started at: 1741772590298
2025-03-12 10:44:49,602 - Rum started
2025-03-12 10:44:50,010 - Navigate to page START
2025-03-12 10:44:50,640 - Primary stage set visible
2025-03-12 10:44:56,989 - Navigate to page DISCOVERY
2025-03-12 10:44:57,015 - Sidebar highlight updated for page DISCOVERY
2025-03-12 10:45:05,753 - Opened log for discovery: C:\Users\peete\OneDrive\Documenten\School\2e master BI\Masterproef\Coding\Logs for testing\Declare Startpunt\decl-1.xes
2025-03-12 10:45:06,626 - DiscoveryTaskDeclare (1634355631) started at: 1741772706622
2025-03-12 10:45:41,560 - DiscoveryTaskMinerful (612403161) started at: 1741772741560
2025-03-12 10:46:36,139 - Rum started
2025-03-12 10:46:36,528 - Navigate to page START
2025-03-12 10:46:37,112 - Primary stage set visible
2025-03-12 10:46:43,588 - Navigate to page DISCOVERY
2025-03-12 10:46:43,617 - Sidebar highlight updated for page DISCOVERY
2025-03-12 10:46:52,335 - Opened log for discovery: C:\Users\peete\OneDrive\Documenten\School\2e master BI\Masterproef\Coding\Logs for testing\Declare Startpunt\decl-1.xes
2025-03-12 10:46:53,199 - DiscoveryTaskDeclare (522299684) started at: 1741772813191
2025-03-12 10:47:46,169 - DiscoveryTaskMinerful (612403161) started at: 1741772866167
2025-03-12 10:48:31,936 - Rum started
2025-03-12 10:48:32,306 - Navigate to page START
2025-03-12 10:48:32,876 - Primary stage set visible
2025-03-12 10:48:39,407 - Navigate to page DISCOVERY
2025-03-12 10:48:39,440 - Sidebar highlight updated for page DISCOVERY
2025-03-12 10:48:48,200 - Opened log for discovery: C:\Users\peete\OneDrive\Documenten\School\2e master BI\Masterproef\Coding\Logs for testing\Declare Startpunt\decl-1.xes
2025-03-12 10:48:49,064 - DiscoveryTaskDeclare (522299684) started at: 1741772929058
2025-03-12 10:49:44,966 - DiscoveryTaskMinerful (1844707393) started at: 1741772984965
2025-03-12 10:51:18,745 - Rum started
2025-03-12 10:51:19,132 - Navigate to page START
2025-03-12 10:51:19,723 - Primary stage set visible
2025-03-12 10:51:26,197 - Navigate to page DISCOVERY
2025-03-12 10:51:26,235 - Sidebar highlight updated for page DISCOVERY
2025-03-12 10:51:34,919 - Opened log for discovery: C:\Users\peete\OneDrive\Documenten\School\2e master BI\Masterproef\Coding\Logs for testing\Declare Startpunt\decl-1.xes
2025-03-12 10:51:35,772 - DiscoveryTaskDeclare (1634355631) started at: 1741773095767
2025-03-12 10:52:41,277 - DiscoveryTaskMinerful (1042899458) started at: 1741773161276
2025-03-12 11:01:13,737 - Rum started
2025-03-12 11:01:14,216 - Navigate to page START
2025-03-12 11:01:14,934 - Primary stage set visible
2025-03-12 11:01:21,036 - Navigate to page DISCOVERY
2025-03-12 11:01:21,061 - Sidebar highlight updated for page DISCOVERY
2025-03-12 11:01:29,763 - Opened log for discovery: C:\Users\peete\OneDrive\Documenten\School\2e master BI\Masterproef\Coding\Logs for testing\Declare Startpunt\decl-1.xes
2025-03-12 11:01:30,622 - DiscoveryTaskDeclare (522299684) started at: 1741773690617
2025-03-12 11:02:42,099 - DiscoveryTaskMinerful (260731398) started at: 1741773762098
2025-03-12 11:03:29,966 - Rum started
2025-03-12 11:03:30,355 - Navigate to page START
2025-03-12 11:03:30,927 - Primary stage set visible
2025-03-12 11:03:37,382 - Navigate to page DISCOVERY
2025-03-12 11:03:37,409 - Sidebar highlight updated for page DISCOVERY
2025-03-12 11:03:46,115 - Opened log for discovery: C:\Users\peete\OneDrive\Documenten\School\2e master BI\Masterproef\Coding\Logs for testing\Declare Startpunt\decl-1.xes
2025-03-12 11:03:46,980 - DiscoveryTaskDeclare (1634355631) started at: 1741773826974
2025-03-12 11:04:58,481 - DiscoveryTaskMinerful (920044181) started at: 1741773898480
2025-03-12 11:08:56,679 - Rum started
2025-03-12 11:08:57,060 - Navigate to page START
2025-03-12 11:08:57,657 - Primary stage set visible
2025-03-12 11:09:04,130 - Navigate to page DISCOVERY
2025-03-12 11:09:04,164 - Sidebar highlight updated for page DISCOVERY
2025-03-12 11:09:12,861 - Opened log for discovery: C:\Users\peete\OneDrive\Documenten\School\2e master BI\Masterproef\Coding\Logs for testing\Declare Startpunt\decl-1.xes
2025-03-12 11:09:13,721 - DiscoveryTaskDeclare (1634355631) started at: 1741774153717
2025-03-12 11:10:25,184 - DiscoveryTaskMinerful (1042899458) started at: 1741774225183
2025-03-12 13:39:29,790 - Rum started
2025-03-12 13:39:31,036 - Navigate to page START
2025-03-12 13:39:32,586 - Primary stage set visible
2025-03-12 13:39:35,015 - Navigate to page DISCOVERY
2025-03-12 13:39:35,051 - Sidebar highlight updated for page DISCOVERY
2025-03-12 13:40:49,055 - Rum closed
2025-03-12 13:41:00,330 - Rum started
2025-03-12 13:41:01,095 - Navigate to page START
2025-03-12 13:41:02,498 - Primary stage set visible
2025-03-12 13:41:14,908 - Rum closed
2025-03-12 13:41:21,182 - Rum started
2025-03-12 13:41:21,926 - Navigate to page START
2025-03-12 13:41:23,211 - Primary stage set visible
2025-03-12 13:41:27,985 - Navigate to page DISCOVERY
2025-03-12 13:41:28,045 - Sidebar highlight updated for page DISCOVERY
2025-03-12 13:42:31,945 - Rum closed
2025-03-12 13:42:40,422 - Rum started
2025-03-12 13:42:41,119 - Navigate to page START
2025-03-12 13:42:42,452 - Primary stage set visible
2025-03-12 13:42:47,267 - Navigate to page DISCOVERY
2025-03-12 13:42:47,321 - Sidebar highlight updated for page DISCOVERY
2025-03-12 13:42:57,835 - Opened log for discovery: C:\Users\peete\OneDrive\Documenten\School\2e master BI\Masterproef\Coding\Logs for testing\Declare Startpunt\decl-1.xes
2025-03-12 13:42:59,594 - DiscoveryTaskDeclare (203055880) started at: 1741783379585
2025-03-12 13:44:09,865 - DiscoveryTaskMinerful (612403161) started at: 1741783449865
2025-03-12 14:04:34,351 - Rum started
2025-03-12 14:04:35,105 - Navigate to page START
2025-03-12 14:04:36,397 - Primary stage set visible
2025-03-12 14:04:41,162 - Navigate to page DISCOVERY
2025-03-12 14:04:41,259 - Sidebar highlight updated for page DISCOVERY
2025-03-12 14:04:51,705 - Opened log for discovery: C:\Users\peete\OneDrive\Documenten\School\2e master BI\Masterproef\Coding\Logs for testing\Declare Startpunt\decl-1.xes
2025-03-12 14:04:53,455 - DiscoveryTaskDeclare (1634355631) started at: 1741784693442
2025-03-12 14:06:03,810 - DiscoveryTaskMinerful (286865250) started at: 1741784763807
2025-03-13 10:00:48,912 - Rum started
2025-03-13 10:00:49,349 - Navigate to page START
2025-03-13 10:00:50,262 - Primary stage set visible
2025-03-13 10:00:56,269 - Navigate to page DISCOVERY
2025-03-13 10:00:56,293 - Sidebar highlight updated for page DISCOVERY
2025-03-13 10:01:06,605 - Opened log for discovery: C:\Users\peete\OneDrive\Documenten\School\2e master BI\Masterproef\Coding\Logs for testing\Declare Startpunt\decl-1.xes
2025-03-13 10:01:07,517 - DiscoveryTaskDeclare (1634355631) started at: 1741856467513
2025-03-13 10:01:52,314 - DiscoveryTaskMinerful (422048279) started at: 1741856512313
2025-03-13 10:03:24,970 - Rum started
2025-03-13 10:03:25,404 - Navigate to page START
2025-03-13 10:03:26,069 - Primary stage set visible
2025-03-13 10:03:32,336 - Navigate to page DISCOVERY
2025-03-13 10:03:32,369 - Sidebar highlight updated for page DISCOVERY
2025-03-13 10:03:42,647 - Opened log for discovery: C:\Users\peete\OneDrive\Documenten\School\2e master BI\Masterproef\Coding\Logs for testing\Declare Startpunt\decl-1.xes
2025-03-13 10:03:43,498 - DiscoveryTaskDeclare (709586538) started at: 1741856623494
2025-03-13 10:04:35,888 - DiscoveryTaskMinerful (1651584392) started at: 1741856675887
2025-03-13 10:08:53,838 - Rum started
2025-03-13 10:08:54,220 - Navigate to page START
2025-03-13 10:08:54,853 - Primary stage set visible
2025-03-13 10:09:01,283 - Navigate to page DISCOVERY
2025-03-13 10:09:01,315 - Sidebar highlight updated for page DISCOVERY
2025-03-13 10:09:11,598 - Opened log for discovery: C:\Users\peete\OneDrive\Documenten\School\2e master BI\Masterproef\Coding\Logs for testing\Declare Startpunt\decl-1.xes
2025-03-13 10:09:12,468 - DiscoveryTaskDeclare (522299684) started at: 1741856952461
2025-03-13 10:10:04,856 - DiscoveryTaskMinerful (422048279) started at: 1741857004854
2025-03-13 10:13:32,020 - Rum started
2025-03-13 10:13:32,447 - Navigate to page START
2025-03-13 10:13:33,067 - Primary stage set visible
2025-03-13 10:13:39,391 - Navigate to page DISCOVERY
2025-03-13 10:13:39,421 - Sidebar highlight updated for page DISCOVERY
2025-03-13 10:13:49,659 - Opened log for discovery: C:\Users\peete\OneDrive\Documenten\School\2e master BI\Masterproef\Coding\Logs for testing\Declare Startpunt\decl-1.xes
2025-03-13 10:13:50,518 - DiscoveryTaskDeclare (1912242345) started at: 1741857230512
2025-03-13 10:14:42,925 - DiscoveryTaskMinerful (1042899458) started at: 1741857282925
2025-03-13 10:16:48,319 - Rum started
2025-03-13 10:16:48,727 - Navigate to page START
2025-03-13 10:16:49,534 - Primary stage set visible
2025-03-13 10:16:55,762 - Navigate to page DISCOVERY
2025-03-13 10:16:55,785 - Sidebar highlight updated for page DISCOVERY
2025-03-13 10:17:06,049 - Opened log for discovery: C:\Users\peete\OneDrive\Documenten\School\2e master BI\Masterproef\Coding\Logs for testing\Declare Startpunt\decl-1.xes
2025-03-13 10:17:06,914 - DiscoveryTaskDeclare (1634355631) started at: 1741857426910
2025-03-13 10:17:59,284 - DiscoveryTaskMinerful (260731398) started at: 1741857479284
